// Jest Snapshot v1, https://goo.gl/fbAQLP

exports[`<Menu /> should match its reference snapshot 1`] = `
<ContextConsumer>
  <Component />
</ContextConsumer>
`;
